<html>
<body>
<pre>
<h1>µVision Build Log</h1>
<h2>Tool Versions:</h2>
IDE-Version: ¦ÌVision V5.25.3.0
Copyright (C) 2018 ARM Ltd and ARM Germany GmbH. All rights reserved.
License Information: Mag Loki, xxx, LIC=UJWP0-BB6XZ-KPZZY-IJWJN-I9FMM-WTG9T
 
Tool Versions:
Toolchain:       MDK-ARM Plus  Version: 5.14.0.0
Toolchain Path:  D:\keil5\ARM\ARMCC\Bin
C Compiler:      Armcc.exe V5.05 update 1 (build 106)
Assembler:       Armasm.exe V5.05 update 1 (build 106)
Linker/Locator:  ArmLink.exe V5.05 update 1 (build 106)
Library Manager: ArmAr.exe V5.05 update 1 (build 106)
Hex Converter:   FromElf.exe V5.05 update 1 (build 106)
CPU DLL:         SARMCM3.DLL V5.14.0.0
Dialog DLL:      DCM.DLL V1.13.1.0
Target DLL:      STLink\ST-LINKIII-KEIL_SWO.dll V2.0.14.0_KEIL
Dialog DLL:      TCM.DLL V1.14.4.0
 
<h2>Project:</h2>
E:\project\offer-for-embeded\embeded\STM32cube\EX!_RGB\MDK-ARM\EX!_RGB.uvprojx
Project File Date:  10/17/2022

<h2>Output:</h2>
*** Using Compiler 'V5.05 update 1 (build 106)', folder: 'D:\keil5\ARM\ARMCC\Bin'
Rebuild target 'EX!_RGB'
assembling startup_stm32f103xb.s...
compiling stm32f1xx_ll_exti.c...
compiling stm32f1xx_ll_gpio.c...
compiling stm32f1xx_ll_rcc.c...
compiling stm32f1xx_ll_pwr.c...
compiling stm32f1xx_ll_utils.c...
compiling main.c...
compiling system_stm32f1xx.c...
compiling stm32f1xx_it.c...
compiling gpio.c...
linking...
Program Size: Code=1168 RO-data=268 RW-data=4 ZI-data=1636  
FromELF: creating hex file...
"EX!_RGB\EX!_RGB.axf" - 0 Error(s), 0 Warning(s).

<h2>Software Packages used:</h2>

Package Vendor: ARM
                http://www.keil.com/pack/ARM.CMSIS.4.2.0.pack
                ARM.CMSIS.4.2.0
                CMSIS (Cortex Microcontroller Software Interface Standard)
   * Component: CORE Version: 3.40.0

Package Vendor: Keil
                http://www.keil.com/pack/Keil.STM32F1xx_DFP.2.2.0.pack
                Keil.STM32F1xx_DFP.2.2.0
                STMicroelectronics STM32F1 Series Device Support, Drivers and Examples

<h2>Collection of Component include folders:</h2>
  .\RTE\_EX__RGB
  D:\keil5\ARM\PACK\ARM\CMSIS\4.2.0\CMSIS\Include
  D:\keil5\ARM\PACK\Keil\STM32F1xx_DFP\2.2.0\Device\Include

<h2>Collection of Component Files used:</h2>

   * Component: ARM::CMSIS:CORE:3.40.0
      Source file:   CMSIS\UserCodeTemplates\ARM\ITM_Retarget.c
Build Time Elapsed:  00:00:02
</pre>
</body>
</html>
